Archive member included to satisfy reference by file (symbol)

c:/program files (x86)/atmel/studio/7.0/toolchain/avr8/avr8-gnu-toolchain/bin/../lib/gcc/avr/5.4.0/../../../../avr/lib/avr5\libm.a(divsf3.o)
                              GloveForDeaf_program.o (__divsf3)
c:/program files (x86)/atmel/studio/7.0/toolchain/avr8/avr8-gnu-toolchain/bin/../lib/gcc/avr/5.4.0/../../../../avr/lib/avr5\libm.a(divsf3x.o)
                              c:/program files (x86)/atmel/studio/7.0/toolchain/avr8/avr8-gnu-toolchain/bin/../lib/gcc/avr/5.4.0/../../../../avr/lib/avr5\libm.a(divsf3.o) (__divsf3x)
c:/program files (x86)/atmel/studio/7.0/toolchain/avr8/avr8-gnu-toolchain/bin/../lib/gcc/avr/5.4.0/../../../../avr/lib/avr5\libm.a(fixunssfsi.o)
                              GloveForDeaf_program.o (__fixunssfsi)
c:/program files (x86)/atmel/studio/7.0/toolchain/avr8/avr8-gnu-toolchain/bin/../lib/gcc/avr/5.4.0/../../../../avr/lib/avr5\libm.a(floatsisf.o)
                              GloveForDeaf_program.o (__floatunsisf)
c:/program files (x86)/atmel/studio/7.0/toolchain/avr8/avr8-gnu-toolchain/bin/../lib/gcc/avr/5.4.0/../../../../avr/lib/avr5\libm.a(fp_inf.o)
                              c:/program files (x86)/atmel/studio/7.0/toolchain/avr8/avr8-gnu-toolchain/bin/../lib/gcc/avr/5.4.0/../../../../avr/lib/avr5\libm.a(divsf3x.o) (__fp_inf)
c:/program files (x86)/atmel/studio/7.0/toolchain/avr8/avr8-gnu-toolchain/bin/../lib/gcc/avr/5.4.0/../../../../avr/lib/avr5\libm.a(fp_nan.o)
                              c:/program files (x86)/atmel/studio/7.0/toolchain/avr8/avr8-gnu-toolchain/bin/../lib/gcc/avr/5.4.0/../../../../avr/lib/avr5\libm.a(divsf3x.o) (__fp_nan)
c:/program files (x86)/atmel/studio/7.0/toolchain/avr8/avr8-gnu-toolchain/bin/../lib/gcc/avr/5.4.0/../../../../avr/lib/avr5\libm.a(fp_pscA.o)
                              c:/program files (x86)/atmel/studio/7.0/toolchain/avr8/avr8-gnu-toolchain/bin/../lib/gcc/avr/5.4.0/../../../../avr/lib/avr5\libm.a(divsf3x.o) (__fp_pscA)
c:/program files (x86)/atmel/studio/7.0/toolchain/avr8/avr8-gnu-toolchain/bin/../lib/gcc/avr/5.4.0/../../../../avr/lib/avr5\libm.a(fp_pscB.o)
                              c:/program files (x86)/atmel/studio/7.0/toolchain/avr8/avr8-gnu-toolchain/bin/../lib/gcc/avr/5.4.0/../../../../avr/lib/avr5\libm.a(divsf3x.o) (__fp_pscB)
c:/program files (x86)/atmel/studio/7.0/toolchain/avr8/avr8-gnu-toolchain/bin/../lib/gcc/avr/5.4.0/../../../../avr/lib/avr5\libm.a(fp_round.o)
                              c:/program files (x86)/atmel/studio/7.0/toolchain/avr8/avr8-gnu-toolchain/bin/../lib/gcc/avr/5.4.0/../../../../avr/lib/avr5\libm.a(divsf3.o) (__fp_round)
c:/program files (x86)/atmel/studio/7.0/toolchain/avr8/avr8-gnu-toolchain/bin/../lib/gcc/avr/5.4.0/../../../../avr/lib/avr5\libm.a(fp_split3.o)
                              c:/program files (x86)/atmel/studio/7.0/toolchain/avr8/avr8-gnu-toolchain/bin/../lib/gcc/avr/5.4.0/../../../../avr/lib/avr5\libm.a(divsf3x.o) (__fp_split3)
c:/program files (x86)/atmel/studio/7.0/toolchain/avr8/avr8-gnu-toolchain/bin/../lib/gcc/avr/5.4.0/../../../../avr/lib/avr5\libm.a(fp_zero.o)
                              c:/program files (x86)/atmel/studio/7.0/toolchain/avr8/avr8-gnu-toolchain/bin/../lib/gcc/avr/5.4.0/../../../../avr/lib/avr5\libm.a(fixunssfsi.o) (__fp_zero)
c:/program files (x86)/atmel/studio/7.0/toolchain/avr8/avr8-gnu-toolchain/bin/../lib/gcc/avr/5.4.0/../../../../avr/lib/avr5\libm.a(mulsf3.o)
                              GloveForDeaf_program.o (__mulsf3)
c:/program files (x86)/atmel/studio/7.0/toolchain/avr8/avr8-gnu-toolchain/bin/../lib/gcc/avr/5.4.0/../../../../avr/lib/avr5\libm.a(mulsf3x.o)
                              c:/program files (x86)/atmel/studio/7.0/toolchain/avr8/avr8-gnu-toolchain/bin/../lib/gcc/avr/5.4.0/../../../../avr/lib/avr5\libm.a(mulsf3.o) (__mulsf3x)
c:/program files (x86)/atmel/studio/7.0/toolchain/avr8/avr8-gnu-toolchain/bin/../lib/gcc/avr/5.4.0/avr5\libgcc.a(_udivmodsi4.o)
                              LCD_program.o (__udivmodsi4)
c:/program files (x86)/atmel/studio/7.0/toolchain/avr8/avr8-gnu-toolchain/bin/../lib/gcc/avr/5.4.0/avr5\libgcc.a(_exit.o)
                              C:/Program Files (x86)/Atmel/Studio/7.0/Packs/atmel/ATmega_DFP/1.7.374/gcc/dev/atmega32/avr5/crtatmega32.o (exit)
c:/program files (x86)/atmel/studio/7.0/toolchain/avr8/avr8-gnu-toolchain/bin/../lib/gcc/avr/5.4.0/avr5\libgcc.a(_copy_data.o)
                              GloveForDeaf_program.o (__do_copy_data)
c:/program files (x86)/atmel/studio/7.0/toolchain/avr8/avr8-gnu-toolchain/bin/../lib/gcc/avr/5.4.0/avr5\libgcc.a(_clear_bss.o)
                              GloveForDeaf_program.o (__do_clear_bss)

Discarded input sections

 .data          0x00000000        0x0 C:/Program Files (x86)/Atmel/Studio/7.0/Packs/atmel/ATmega_DFP/1.7.374/gcc/dev/atmega32/avr5/crtatmega32.o
 .bss           0x00000000        0x0 C:/Program Files (x86)/Atmel/Studio/7.0/Packs/atmel/ATmega_DFP/1.7.374/gcc/dev/atmega32/avr5/crtatmega32.o
 .text          0x00000000        0x0 ADC_program.o
 .data          0x00000000        0x0 ADC_program.o
 .bss           0x00000000        0x0 ADC_program.o
 .text          0x00000000        0x0 DIO_program.o
 .data          0x00000000        0x0 DIO_program.o
 .bss           0x00000000        0x0 DIO_program.o
 .text.DIO_togglePinValue
                0x00000000       0x70 DIO_program.o
 .text.DIO_activePinInPullUpResistance
                0x00000000       0x70 DIO_program.o
 .text          0x00000000        0x0 EEPROM_program.o
 .data          0x00000000        0x0 EEPROM_program.o
 .bss           0x00000000        0x0 EEPROM_program.o
 .text.EEPROM_writePage
                0x00000000       0x74 EEPROM_program.o
 .text.EEPROM_readPage
                0x00000000       0x8c EEPROM_program.o
 .text.len      0x00000000       0x1c EEPROM_program.o
 .text.EEPROM_writeString
                0x00000000       0x56 EEPROM_program.o
 .text.EEPROM_readString
                0x00000000       0x4e EEPROM_program.o
 .text.EEPROM_clear
                0x00000000       0x22 EEPROM_program.o
 .text          0x00000000        0x0 GloveForDeaf_program.o
 .data          0x00000000        0x0 GloveForDeaf_program.o
 .bss           0x00000000        0x0 GloveForDeaf_program.o
 .text.GloveForDeaf_sendPostureSentence
                0x00000000       0x16 GloveForDeaf_program.o
 .text.GloveForDeaf_displayArray
                0x00000000       0x78 GloveForDeaf_program.o
 .text.GloveForDeaf_printPosturesData
                0x00000000      0x200 GloveForDeaf_program.o
 .text          0x00000000        0x0 Glove_program.o
 .data          0x00000000        0x0 Glove_program.o
 .bss           0x00000000        0x0 Glove_program.o
 .text          0x00000000        0x0 Kit_program.o
 .data          0x00000000        0x0 Kit_program.o
 .bss           0x00000000        0x0 Kit_program.o
 .text.Kit_BUZ_toggle
                0x00000000        0xa Kit_program.o
 .text.Kit_LED_toggle
                0x00000000       0x2a Kit_program.o
 .text          0x00000000        0x0 LCD_program.o
 .data          0x00000000        0x0 LCD_program.o
 .bss           0x00000000        0x0 LCD_program.o
 .text.LCD_defineCustomCharacter
                0x00000000       0x3a LCD_program.o
 .text          0x00000000        0x0 main.o
 .data          0x00000000        0x0 main.o
 .bss           0x00000000        0x0 main.o
 .text.freeHandMode
                0x00000000       0x1c main.o
 .text.EEPROM_debug
                0x00000000       0x5a main.o
 .text          0x00000000        0x0 TWI_program.o
 .data          0x00000000        0x0 TWI_program.o
 .bss           0x00000000        0x0 TWI_program.o
 .text.TWI_receiveMasterDataByteWithAck
                0x00000000       0x2c TWI_program.o
 .text          0x00000000        0x0 UART_program.o
 .data          0x00000000        0x0 UART_program.o
 .bss           0x00000000        0x0 UART_program.o
 .text.UART_RxChar
                0x00000000       0x10 UART_program.o
 .text          0x00000000        0x0 c:/program files (x86)/atmel/studio/7.0/toolchain/avr8/avr8-gnu-toolchain/bin/../lib/gcc/avr/5.4.0/../../../../avr/lib/avr5\libm.a(divsf3.o)
 .data          0x00000000        0x0 c:/program files (x86)/atmel/studio/7.0/toolchain/avr8/avr8-gnu-toolchain/bin/../lib/gcc/avr/5.4.0/../../../../avr/lib/avr5\libm.a(divsf3.o)
 .bss           0x00000000        0x0 c:/program files (x86)/atmel/studio/7.0/toolchain/avr8/avr8-gnu-toolchain/bin/../lib/gcc/avr/5.4.0/../../../../avr/lib/avr5\libm.a(divsf3.o)
 .text          0x00000000        0x0 c:/program files (x86)/atmel/studio/7.0/toolchain/avr8/avr8-gnu-toolchain/bin/../lib/gcc/avr/5.4.0/../../../../avr/lib/avr5\libm.a(divsf3x.o)
 .data          0x00000000        0x0 c:/program files (x86)/atmel/studio/7.0/toolchain/avr8/avr8-gnu-toolchain/bin/../lib/gcc/avr/5.4.0/../../../../avr/lib/avr5\libm.a(divsf3x.o)
 .bss           0x00000000        0x0 c:/program files (x86)/atmel/studio/7.0/toolchain/avr8/avr8-gnu-toolchain/bin/../lib/gcc/avr/5.4.0/../../../../avr/lib/avr5\libm.a(divsf3x.o)
 .text          0x00000000        0x0 c:/program files (x86)/atmel/studio/7.0/toolchain/avr8/avr8-gnu-toolchain/bin/../lib/gcc/avr/5.4.0/../../../../avr/lib/avr5\libm.a(fixunssfsi.o)
 .data          0x00000000        0x0 c:/program files (x86)/atmel/studio/7.0/toolchain/avr8/avr8-gnu-toolchain/bin/../lib/gcc/avr/5.4.0/../../../../avr/lib/avr5\libm.a(fixunssfsi.o)
 .bss           0x00000000        0x0 c:/program files (x86)/atmel/studio/7.0/toolchain/avr8/avr8-gnu-toolchain/bin/../lib/gcc/avr/5.4.0/../../../../avr/lib/avr5\libm.a(fixunssfsi.o)
 .text          0x00000000        0x0 c:/program files (x86)/atmel/studio/7.0/toolchain/avr8/avr8-gnu-toolchain/bin/../lib/gcc/avr/5.4.0/../../../../avr/lib/avr5\libm.a(floatsisf.o)
 .data          0x00000000        0x0 c:/program files (x86)/atmel/studio/7.0/toolchain/avr8/avr8-gnu-toolchain/bin/../lib/gcc/avr/5.4.0/../../../../avr/lib/avr5\libm.a(floatsisf.o)
 .bss           0x00000000        0x0 c:/program files (x86)/atmel/studio/7.0/toolchain/avr8/avr8-gnu-toolchain/bin/../lib/gcc/avr/5.4.0/../../../../avr/lib/avr5\libm.a(floatsisf.o)
 .text          0x00000000        0x0 c:/program files (x86)/atmel/studio/7.0/toolchain/avr8/avr8-gnu-toolchain/bin/../lib/gcc/avr/5.4.0/../../../../avr/lib/avr5\libm.a(fp_inf.o)
 .data          0x00000000        0x0 c:/program files (x86)/atmel/studio/7.0/toolchain/avr8/avr8-gnu-toolchain/bin/../lib/gcc/avr/5.4.0/../../../../avr/lib/avr5\libm.a(fp_inf.o)
 .bss           0x00000000        0x0 c:/program files (x86)/atmel/studio/7.0/toolchain/avr8/avr8-gnu-toolchain/bin/../lib/gcc/avr/5.4.0/../../../../avr/lib/avr5\libm.a(fp_inf.o)
 .text          0x00000000        0x0 c:/program files (x86)/atmel/studio/7.0/toolchain/avr8/avr8-gnu-toolchain/bin/../lib/gcc/avr/5.4.0/../../../../avr/lib/avr5\libm.a(fp_nan.o)
 .data          0x00000000        0x0 c:/program files (x86)/atmel/studio/7.0/toolchain/avr8/avr8-gnu-toolchain/bin/../lib/gcc/avr/5.4.0/../../../../avr/lib/avr5\libm.a(fp_nan.o)
 .bss           0x00000000        0x0 c:/program files (x86)/atmel/studio/7.0/toolchain/avr8/avr8-gnu-toolchain/bin/../lib/gcc/avr/5.4.0/../../../../avr/lib/avr5\libm.a(fp_nan.o)
 .text          0x00000000        0x0 c:/program files (x86)/atmel/studio/7.0/toolchain/avr8/avr8-gnu-toolchain/bin/../lib/gcc/avr/5.4.0/../../../../avr/lib/avr5\libm.a(fp_pscA.o)
 .data          0x00000000        0x0 c:/program files (x86)/atmel/studio/7.0/toolchain/avr8/avr8-gnu-toolchain/bin/../lib/gcc/avr/5.4.0/../../../../avr/lib/avr5\libm.a(fp_pscA.o)
 .bss           0x00000000        0x0 c:/program files (x86)/atmel/studio/7.0/toolchain/avr8/avr8-gnu-toolchain/bin/../lib/gcc/avr/5.4.0/../../../../avr/lib/avr5\libm.a(fp_pscA.o)
 .text          0x00000000        0x0 c:/program files (x86)/atmel/studio/7.0/toolchain/avr8/avr8-gnu-toolchain/bin/../lib/gcc/avr/5.4.0/../../../../avr/lib/avr5\libm.a(fp_pscB.o)
 .data          0x00000000        0x0 c:/program files (x86)/atmel/studio/7.0/toolchain/avr8/avr8-gnu-toolchain/bin/../lib/gcc/avr/5.4.0/../../../../avr/lib/avr5\libm.a(fp_pscB.o)
 .bss           0x00000000        0x0 c:/program files (x86)/atmel/studio/7.0/toolchain/avr8/avr8-gnu-toolchain/bin/../lib/gcc/avr/5.4.0/../../../../avr/lib/avr5\libm.a(fp_pscB.o)
 .text          0x00000000        0x0 c:/program files (x86)/atmel/studio/7.0/toolchain/avr8/avr8-gnu-toolchain/bin/../lib/gcc/avr/5.4.0/../../../../avr/lib/avr5\libm.a(fp_round.o)
 .data          0x00000000        0x0 c:/program files (x86)/atmel/studio/7.0/toolchain/avr8/avr8-gnu-toolchain/bin/../lib/gcc/avr/5.4.0/../../../../avr/lib/avr5\libm.a(fp_round.o)
 .bss           0x00000000        0x0 c:/program files (x86)/atmel/studio/7.0/toolchain/avr8/avr8-gnu-toolchain/bin/../lib/gcc/avr/5.4.0/../../../../avr/lib/avr5\libm.a(fp_round.o)
 .text          0x00000000        0x0 c:/program files (x86)/atmel/studio/7.0/toolchain/avr8/avr8-gnu-toolchain/bin/../lib/gcc/avr/5.4.0/../../../../avr/lib/avr5\libm.a(fp_split3.o)
 .data          0x00000000        0x0 c:/program files (x86)/atmel/studio/7.0/toolchain/avr8/avr8-gnu-toolchain/bin/../lib/gcc/avr/5.4.0/../../../../avr/lib/avr5\libm.a(fp_split3.o)
 .bss           0x00000000        0x0 c:/program files (x86)/atmel/studio/7.0/toolchain/avr8/avr8-gnu-toolchain/bin/../lib/gcc/avr/5.4.0/../../../../avr/lib/avr5\libm.a(fp_split3.o)
 .text          0x00000000        0x0 c:/program files (x86)/atmel/studio/7.0/toolchain/avr8/avr8-gnu-toolchain/bin/../lib/gcc/avr/5.4.0/../../../../avr/lib/avr5\libm.a(fp_zero.o)
 .data          0x00000000        0x0 c:/program files (x86)/atmel/studio/7.0/toolchain/avr8/avr8-gnu-toolchain/bin/../lib/gcc/avr/5.4.0/../../../../avr/lib/avr5\libm.a(fp_zero.o)
 .bss           0x00000000        0x0 c:/program files (x86)/atmel/studio/7.0/toolchain/avr8/avr8-gnu-toolchain/bin/../lib/gcc/avr/5.4.0/../../../../avr/lib/avr5\libm.a(fp_zero.o)
 .text          0x00000000        0x0 c:/program files (x86)/atmel/studio/7.0/toolchain/avr8/avr8-gnu-toolchain/bin/../lib/gcc/avr/5.4.0/../../../../avr/lib/avr5\libm.a(mulsf3.o)
 .data          0x00000000        0x0 c:/program files (x86)/atmel/studio/7.0/toolchain/avr8/avr8-gnu-toolchain/bin/../lib/gcc/avr/5.4.0/../../../../avr/lib/avr5\libm.a(mulsf3.o)
 .bss           0x00000000        0x0 c:/program files (x86)/atmel/studio/7.0/toolchain/avr8/avr8-gnu-toolchain/bin/../lib/gcc/avr/5.4.0/../../../../avr/lib/avr5\libm.a(mulsf3.o)
 .text          0x00000000        0x0 c:/program files (x86)/atmel/studio/7.0/toolchain/avr8/avr8-gnu-toolchain/bin/../lib/gcc/avr/5.4.0/../../../../avr/lib/avr5\libm.a(mulsf3x.o)
 .data          0x00000000        0x0 c:/program files (x86)/atmel/studio/7.0/toolchain/avr8/avr8-gnu-toolchain/bin/../lib/gcc/avr/5.4.0/../../../../avr/lib/avr5\libm.a(mulsf3x.o)
 .bss           0x00000000        0x0 c:/program files (x86)/atmel/studio/7.0/toolchain/avr8/avr8-gnu-toolchain/bin/../lib/gcc/avr/5.4.0/../../../../avr/lib/avr5\libm.a(mulsf3x.o)
 .text          0x00000000        0x0 c:/program files (x86)/atmel/studio/7.0/toolchain/avr8/avr8-gnu-toolchain/bin/../lib/gcc/avr/5.4.0/avr5\libgcc.a(_udivmodsi4.o)
 .data          0x00000000        0x0 c:/program files (x86)/atmel/studio/7.0/toolchain/avr8/avr8-gnu-toolchain/bin/../lib/gcc/avr/5.4.0/avr5\libgcc.a(_udivmodsi4.o)
 .bss           0x00000000        0x0 c:/program files (x86)/atmel/studio/7.0/toolchain/avr8/avr8-gnu-toolchain/bin/../lib/gcc/avr/5.4.0/avr5\libgcc.a(_udivmodsi4.o)
 .text.libgcc.mul
                0x00000000        0x0 c:/program files (x86)/atmel/studio/7.0/toolchain/avr8/avr8-gnu-toolchain/bin/../lib/gcc/avr/5.4.0/avr5\libgcc.a(_udivmodsi4.o)
 .text.libgcc   0x00000000        0x0 c:/program files (x86)/atmel/studio/7.0/toolchain/avr8/avr8-gnu-toolchain/bin/../lib/gcc/avr/5.4.0/avr5\libgcc.a(_udivmodsi4.o)
 .text.libgcc.prologue
                0x00000000        0x0 c:/program files (x86)/atmel/studio/7.0/toolchain/avr8/avr8-gnu-toolchain/bin/../lib/gcc/avr/5.4.0/avr5\libgcc.a(_udivmodsi4.o)
 .text.libgcc.builtins
                0x00000000        0x0 c:/program files (x86)/atmel/studio/7.0/toolchain/avr8/avr8-gnu-toolchain/bin/../lib/gcc/avr/5.4.0/avr5\libgcc.a(_udivmodsi4.o)
 .text.libgcc.fmul
                0x00000000        0x0 c:/program files (x86)/atmel/studio/7.0/toolchain/avr8/avr8-gnu-toolchain/bin/../lib/gcc/avr/5.4.0/avr5\libgcc.a(_udivmodsi4.o)
 .text.libgcc.fixed
                0x00000000        0x0 c:/program files (x86)/atmel/studio/7.0/toolchain/avr8/avr8-gnu-toolchain/bin/../lib/gcc/avr/5.4.0/avr5\libgcc.a(_udivmodsi4.o)
 .text          0x00000000        0x0 c:/program files (x86)/atmel/studio/7.0/toolchain/avr8/avr8-gnu-toolchain/bin/../lib/gcc/avr/5.4.0/avr5\libgcc.a(_exit.o)
 .data          0x00000000        0x0 c:/program files (x86)/atmel/studio/7.0/toolchain/avr8/avr8-gnu-toolchain/bin/../lib/gcc/avr/5.4.0/avr5\libgcc.a(_exit.o)
 .bss           0x00000000        0x0 c:/program files (x86)/atmel/studio/7.0/toolchain/avr8/avr8-gnu-toolchain/bin/../lib/gcc/avr/5.4.0/avr5\libgcc.a(_exit.o)
 .text.libgcc.mul
                0x00000000        0x0 c:/program files (x86)/atmel/studio/7.0/toolchain/avr8/avr8-gnu-toolchain/bin/../lib/gcc/avr/5.4.0/avr5\libgcc.a(_exit.o)
 .text.libgcc.div
                0x00000000        0x0 c:/program files (x86)/atmel/studio/7.0/toolchain/avr8/avr8-gnu-toolchain/bin/../lib/gcc/avr/5.4.0/avr5\libgcc.a(_exit.o)
 .text.libgcc   0x00000000        0x0 c:/program files (x86)/atmel/studio/7.0/toolchain/avr8/avr8-gnu-toolchain/bin/../lib/gcc/avr/5.4.0/avr5\libgcc.a(_exit.o)
 .text.libgcc.prologue
                0x00000000        0x0 c:/program files (x86)/atmel/studio/7.0/toolchain/avr8/avr8-gnu-toolchain/bin/../lib/gcc/avr/5.4.0/avr5\libgcc.a(_exit.o)
 .text.libgcc.builtins
                0x00000000        0x0 c:/program files (x86)/atmel/studio/7.0/toolchain/avr8/avr8-gnu-toolchain/bin/../lib/gcc/avr/5.4.0/avr5\libgcc.a(_exit.o)
 .text.libgcc.fmul
                0x00000000        0x0 c:/program files (x86)/atmel/studio/7.0/toolchain/avr8/avr8-gnu-toolchain/bin/../lib/gcc/avr/5.4.0/avr5\libgcc.a(_exit.o)
 .text.libgcc.fixed
                0x00000000        0x0 c:/program files (x86)/atmel/studio/7.0/toolchain/avr8/avr8-gnu-toolchain/bin/../lib/gcc/avr/5.4.0/avr5\libgcc.a(_exit.o)
 .text          0x00000000        0x0 c:/program files (x86)/atmel/studio/7.0/toolchain/avr8/avr8-gnu-toolchain/bin/../lib/gcc/avr/5.4.0/avr5\libgcc.a(_copy_data.o)
 .data          0x00000000        0x0 c:/program files (x86)/atmel/studio/7.0/toolchain/avr8/avr8-gnu-toolchain/bin/../lib/gcc/avr/5.4.0/avr5\libgcc.a(_copy_data.o)
 .bss           0x00000000        0x0 c:/program files (x86)/atmel/studio/7.0/toolchain/avr8/avr8-gnu-toolchain/bin/../lib/gcc/avr/5.4.0/avr5\libgcc.a(_copy_data.o)
 .text.libgcc.mul
                0x00000000        0x0 c:/program files (x86)/atmel/studio/7.0/toolchain/avr8/avr8-gnu-toolchain/bin/../lib/gcc/avr/5.4.0/avr5\libgcc.a(_copy_data.o)
 .text.libgcc.div
                0x00000000        0x0 c:/program files (x86)/atmel/studio/7.0/toolchain/avr8/avr8-gnu-toolchain/bin/../lib/gcc/avr/5.4.0/avr5\libgcc.a(_copy_data.o)
 .text.libgcc   0x00000000        0x0 c:/program files (x86)/atmel/studio/7.0/toolchain/avr8/avr8-gnu-toolchain/bin/../lib/gcc/avr/5.4.0/avr5\libgcc.a(_copy_data.o)
 .text.libgcc.prologue
                0x00000000        0x0 c:/program files (x86)/atmel/studio/7.0/toolchain/avr8/avr8-gnu-toolchain/bin/../lib/gcc/avr/5.4.0/avr5\libgcc.a(_copy_data.o)
 .text.libgcc.builtins
                0x00000000        0x0 c:/program files (x86)/atmel/studio/7.0/toolchain/avr8/avr8-gnu-toolchain/bin/../lib/gcc/avr/5.4.0/avr5\libgcc.a(_copy_data.o)
 .text.libgcc.fmul
                0x00000000        0x0 c:/program files (x86)/atmel/studio/7.0/toolchain/avr8/avr8-gnu-toolchain/bin/../lib/gcc/avr/5.4.0/avr5\libgcc.a(_copy_data.o)
 .text.libgcc.fixed
                0x00000000        0x0 c:/program files (x86)/atmel/studio/7.0/toolchain/avr8/avr8-gnu-toolchain/bin/../lib/gcc/avr/5.4.0/avr5\libgcc.a(_copy_data.o)
 .text          0x00000000        0x0 c:/program files (x86)/atmel/studio/7.0/toolchain/avr8/avr8-gnu-toolchain/bin/../lib/gcc/avr/5.4.0/avr5\libgcc.a(_clear_bss.o)
 .data          0x00000000        0x0 c:/program files (x86)/atmel/studio/7.0/toolchain/avr8/avr8-gnu-toolchain/bin/../lib/gcc/avr/5.4.0/avr5\libgcc.a(_clear_bss.o)
 .bss           0x00000000        0x0 c:/program files (x86)/atmel/studio/7.0/toolchain/avr8/avr8-gnu-toolchain/bin/../lib/gcc/avr/5.4.0/avr5\libgcc.a(_clear_bss.o)
 .text.libgcc.mul
                0x00000000        0x0 c:/program files (x86)/atmel/studio/7.0/toolchain/avr8/avr8-gnu-toolchain/bin/../lib/gcc/avr/5.4.0/avr5\libgcc.a(_clear_bss.o)
 .text.libgcc.div
                0x00000000        0x0 c:/program files (x86)/atmel/studio/7.0/toolchain/avr8/avr8-gnu-toolchain/bin/../lib/gcc/avr/5.4.0/avr5\libgcc.a(_clear_bss.o)
 .text.libgcc   0x00000000        0x0 c:/program files (x86)/atmel/studio/7.0/toolchain/avr8/avr8-gnu-toolchain/bin/../lib/gcc/avr/5.4.0/avr5\libgcc.a(_clear_bss.o)
 .text.libgcc.prologue
                0x00000000        0x0 c:/program files (x86)/atmel/studio/7.0/toolchain/avr8/avr8-gnu-toolchain/bin/../lib/gcc/avr/5.4.0/avr5\libgcc.a(_clear_bss.o)
 .text.libgcc.builtins
                0x00000000        0x0 c:/program files (x86)/atmel/studio/7.0/toolchain/avr8/avr8-gnu-toolchain/bin/../lib/gcc/avr/5.4.0/avr5\libgcc.a(_clear_bss.o)
 .text.libgcc.fmul
                0x00000000        0x0 c:/program files (x86)/atmel/studio/7.0/toolchain/avr8/avr8-gnu-toolchain/bin/../lib/gcc/avr/5.4.0/avr5\libgcc.a(_clear_bss.o)
 .text.libgcc.fixed
                0x00000000        0x0 c:/program files (x86)/atmel/studio/7.0/toolchain/avr8/avr8-gnu-toolchain/bin/../lib/gcc/avr/5.4.0/avr5\libgcc.a(_clear_bss.o)

Memory Configuration

Name             Origin             Length             Attributes
text             0x00000000         0x00008000         xr
data             0x00800060         0x00000800         rw !x
eeprom           0x00810000         0x00000400         rw !x
fuse             0x00820000         0x00000002         rw !x
lock             0x00830000         0x00000400         rw !x
signature        0x00840000         0x00000400         rw !x
user_signatures  0x00850000         0x00000400         rw !x
*default*        0x00000000         0xffffffff

Linker script and memory map

LOAD C:/Program Files (x86)/Atmel/Studio/7.0/Packs/atmel/ATmega_DFP/1.7.374/gcc/dev/atmega32/avr5/crtatmega32.o
LOAD ADC_program.o
LOAD DIO_program.o
LOAD EEPROM_program.o
LOAD GloveForDeaf_program.o
LOAD Glove_program.o
LOAD Kit_program.o
LOAD LCD_program.o
LOAD main.o
LOAD TWI_program.o
LOAD UART_program.o
START GROUP
LOAD c:/program files (x86)/atmel/studio/7.0/toolchain/avr8/avr8-gnu-toolchain/bin/../lib/gcc/avr/5.4.0/../../../../avr/lib/avr5\libm.a
END GROUP
START GROUP
LOAD c:/program files (x86)/atmel/studio/7.0/toolchain/avr8/avr8-gnu-toolchain/bin/../lib/gcc/avr/5.4.0/avr5\libgcc.a
LOAD c:/program files (x86)/atmel/studio/7.0/toolchain/avr8/avr8-gnu-toolchain/bin/../lib/gcc/avr/5.4.0/../../../../avr/lib/avr5\libm.a
LOAD c:/program files (x86)/atmel/studio/7.0/toolchain/avr8/avr8-gnu-toolchain/bin/../lib/gcc/avr/5.4.0/../../../../avr/lib/avr5\libc.a
LOAD C:/Program Files (x86)/Atmel/Studio/7.0/Packs/atmel/ATmega_DFP/1.7.374/gcc/dev/atmega32/avr5\libatmega32.a
END GROUP
                0x00000000                __TEXT_REGION_ORIGIN__ = DEFINED (__TEXT_REGION_ORIGIN__)?__TEXT_REGION_ORIGIN__:0x0
                [0x00800060]                __DATA_REGION_ORIGIN__ = DEFINED (__DATA_REGION_ORIGIN__)?__DATA_REGION_ORIGIN__:0x800060
                [0x00008000]                __TEXT_REGION_LENGTH__ = DEFINED (__TEXT_REGION_LENGTH__)?__TEXT_REGION_LENGTH__:0x20000
                [0x00000800]                __DATA_REGION_LENGTH__ = DEFINED (__DATA_REGION_LENGTH__)?__DATA_REGION_LENGTH__:0xffa0
                [0x00000400]                __EEPROM_REGION_LENGTH__ = DEFINED (__EEPROM_REGION_LENGTH__)?__EEPROM_REGION_LENGTH__:0x10000
                [0x00000002]                __FUSE_REGION_LENGTH__ = DEFINED (__FUSE_REGION_LENGTH__)?__FUSE_REGION_LENGTH__:0x400
                0x00000400                __LOCK_REGION_LENGTH__ = DEFINED (__LOCK_REGION_LENGTH__)?__LOCK_REGION_LENGTH__:0x400
                0x00000400                __SIGNATURE_REGION_LENGTH__ = DEFINED (__SIGNATURE_REGION_LENGTH__)?__SIGNATURE_REGION_LENGTH__:0x400
                0x00000400                __USER_SIGNATURE_REGION_LENGTH__ = DEFINED (__USER_SIGNATURE_REGION_LENGTH__)?__USER_SIGNATURE_REGION_LENGTH__:0x400

.hash
 *(.hash)

.dynsym
 *(.dynsym)

.dynstr
 *(.dynstr)

.gnu.version
 *(.gnu.version)

.gnu.version_d
 *(.gnu.version_d)

.gnu.version_r
 *(.gnu.version_r)

.rel.init
 *(.rel.init)

.rela.init
 *(.rela.init)

.rel.text
 *(.rel.text)
 *(.rel.text.*)
 *(.rel.gnu.linkonce.t*)

.rela.text
 *(.rela.text)
 *(.rela.text.*)
 *(.rela.gnu.linkonce.t*)

.rel.fini
 *(.rel.fini)

.rela.fini
 *(.rela.fini)

.rel.rodata
 *(.rel.rodata)
 *(.rel.rodata.*)
 *(.rel.gnu.linkonce.r*)

.rela.rodata
 *(.rela.rodata)
 *(.rela.rodata.*)
 *(.rela.gnu.linkonce.r*)

.rel.data
 *(.rel.data)
 *(.rel.data.*)
 *(.rel.gnu.linkonce.d*)

.rela.data
 *(.rela.data)
 *(.rela.data.*)
 *(.rela.gnu.linkonce.d*)

.rel.ctors
 *(.rel.ctors)

.rela.ctors
 *(.rela.ctors)

.rel.dtors
 *(.rel.dtors)

.rela.dtors
 *(.rela.dtors)

.rel.got
 *(.rel.got)

.rela.got
 *(.rela.got)

.rel.bss
 *(.rel.bss)

.rela.bss
 *(.rela.bss)

.rel.plt
 *(.rel.plt)

.rela.plt
 *(.rela.plt)

.text           0x00000000     0x1ef0
 *(.vectors)
 .vectors       0x00000000       0x54 C:/Program Files (x86)/Atmel/Studio/7.0/Packs/atmel/ATmega_DFP/1.7.374/gcc/dev/atmega32/avr5/crtatmega32.o
                0x00000000                __vector_default
                0x00000000                __vectors
 *(.vectors)
 *(.progmem.gcc*)
                0x00000054                . = ALIGN (0x2)
                0x00000054                __trampolines_start = .
 *(.trampolines)
 .trampolines   0x00000054        0x0 linker stubs
 *(.trampolines*)
                0x00000054                __trampolines_end = .
 *libprintf_flt.a:*(.progmem.data)
 *libc.a:*(.progmem.data)
 *(.progmem*)
                0x00000054                . = ALIGN (0x2)
 *(.jumptables)
 *(.jumptables*)
 *(.lowtext)
 *(.lowtext*)
                0x00000054                __ctors_start = .
 *(.ctors)
                0x00000054                __ctors_end = .
                0x00000054                __dtors_start = .
 *(.dtors)
                0x00000054                __dtors_end = .
 SORT(*)(.ctors)
 SORT(*)(.dtors)
 *(.init0)
 .init0         0x00000054        0x0 C:/Program Files (x86)/Atmel/Studio/7.0/Packs/atmel/ATmega_DFP/1.7.374/gcc/dev/atmega32/avr5/crtatmega32.o
                0x00000054                __init
 *(.init0)
 *(.init1)
 *(.init1)
 *(.init2)
 .init2         0x00000054        0xc C:/Program Files (x86)/Atmel/Studio/7.0/Packs/atmel/ATmega_DFP/1.7.374/gcc/dev/atmega32/avr5/crtatmega32.o
 *(.init2)
 *(.init3)
 *(.init3)
 *(.init4)
 .init4         0x00000060       0x16 c:/program files (x86)/atmel/studio/7.0/toolchain/avr8/avr8-gnu-toolchain/bin/../lib/gcc/avr/5.4.0/avr5\libgcc.a(_copy_data.o)
                0x00000060                __do_copy_data
 .init4         0x00000076       0x10 c:/program files (x86)/atmel/studio/7.0/toolchain/avr8/avr8-gnu-toolchain/bin/../lib/gcc/avr/5.4.0/avr5\libgcc.a(_clear_bss.o)
                0x00000076                __do_clear_bss
 *(.init4)
 *(.init5)
 *(.init5)
 *(.init6)
 *(.init6)
 *(.init7)
 *(.init7)
 *(.init8)
 *(.init8)
 *(.init9)
 .init9         0x00000086        0x8 C:/Program Files (x86)/Atmel/Studio/7.0/Packs/atmel/ATmega_DFP/1.7.374/gcc/dev/atmega32/avr5/crtatmega32.o
 *(.init9)
 *(.text)
 .text          0x0000008e        0x4 C:/Program Files (x86)/Atmel/Studio/7.0/Packs/atmel/ATmega_DFP/1.7.374/gcc/dev/atmega32/avr5/crtatmega32.o
                0x0000008e                __vector_1
                0x0000008e                __vector_12
                0x0000008e                __bad_interrupt
                0x0000008e                __vector_6
                0x0000008e                __vector_3
                0x0000008e                __vector_11
                0x0000008e                __vector_13
                0x0000008e                __vector_17
                0x0000008e                __vector_19
                0x0000008e                __vector_7
                0x0000008e                __vector_5
                0x0000008e                __vector_4
                0x0000008e                __vector_9
                0x0000008e                __vector_2
                0x0000008e                __vector_15
                0x0000008e                __vector_8
                0x0000008e                __vector_14
                0x0000008e                __vector_10
                0x0000008e                __vector_16
                0x0000008e                __vector_18
                0x0000008e                __vector_20
                0x00000092                . = ALIGN (0x2)
 *(.text.*)
 .text.ADC_init
                0x00000092       0x60 ADC_program.o
                0x00000092                ADC_init
 .text.ADC_getDigitalValue
                0x000000f2       0x2c ADC_program.o
                0x000000f2                ADC_getDigitalValue
 .text.DIO_setPinDirection
                0x0000011e       0xec DIO_program.o
                0x0000011e                DIO_setPinDirection
 .text.DIO_setPinValue
                0x0000020a       0xec DIO_program.o
                0x0000020a                DIO_setPinValue
 .text.DIO_getPinValue
                0x000002f6       0x6c DIO_program.o
                0x000002f6                DIO_getPinValue
 .text.EEPROM_init
                0x00000362        0x6 EEPROM_program.o
                0x00000362                EEPROM_init
 .text.EEPROM_writeByte
                0x00000368       0x3c EEPROM_program.o
                0x00000368                EEPROM_writeByte
 .text.EEPROM_readByte
                0x000003a4       0x50 EEPROM_program.o
                0x000003a4                EEPROM_readByte
 .text.GloveForDeaf_init
                0x000003f4       0x12 GloveForDeaf_program.o
                0x000003f4                GloveForDeaf_init
 .text.GloveForDeaf_getFingerValues
                0x00000406       0x54 GloveForDeaf_program.o
                0x00000406                GloveForDeaf_getFingerValues
 .text.GloveForDeaf_displayFingerValues
                0x0000045a       0x66 GloveForDeaf_program.o
                0x0000045a                GloveForDeaf_displayFingerValues
 .text.GloveForDeaf_getSpeechPosture
                0x000004c0       0xa6 GloveForDeaf_program.o
                0x000004c0                GloveForDeaf_getSpeechPosture
 .text.GloveForDeaf_printSpeechPosture
                0x00000566       0x34 GloveForDeaf_program.o
                0x00000566                GloveForDeaf_printSpeechPosture
 .text.GloveForDeaf_getControlPosture
                0x0000059a       0x9e GloveForDeaf_program.o
                0x0000059a                GloveForDeaf_getControlPosture
 .text.GloveForDeaf_sendFingerValues
                0x00000638       0x4a GloveForDeaf_program.o
                0x00000638                GloveForDeaf_sendFingerValues
 .text.GloveForDeaf_getPasswordDigit
                0x00000682       0x34 GloveForDeaf_program.o
                0x00000682                GloveForDeaf_getPasswordDigit
 .text.GloveForDeaf_displayFingerValuesPASS
                0x000006b6       0x3a GloveForDeaf_program.o
                0x000006b6                GloveForDeaf_displayFingerValuesPASS
 .text.GloveForDeaf_passwordCheck
                0x000006f0       0x7a GloveForDeaf_program.o
                0x000006f0                GloveForDeaf_passwordCheck
 .text.GloveForDeaf_saveCurrentValues
                0x0000076a       0x36 GloveForDeaf_program.o
                0x0000076a                GloveForDeaf_saveCurrentValues
 .text.GloveForDeaf_checkOverlap
                0x000007a0      0x134 GloveForDeaf_program.o
                0x000007a0                GloveForDeaf_checkOverlap
 .text.GloveForDeaf_createNewProfile
                0x000008d4      0x284 GloveForDeaf_program.o
                0x000008d4                GloveForDeaf_createNewProfile
 .text.GloveForDeaf_loadValues
                0x00000b58       0x3c GloveForDeaf_program.o
                0x00000b58                GloveForDeaf_loadValues
 .text.GloveForDeaf_loadProfile
                0x00000b94      0x122 GloveForDeaf_program.o
                0x00000b94                GloveForDeaf_loadProfile
 .text.GloveForDeaf_setCallBackControl
                0x00000cb6       0x2a GloveForDeaf_program.o
                0x00000cb6                GloveForDeaf_setCallBackControl
 .text.GloveForDeaf_executeControl
                0x00000ce0       0x40 GloveForDeaf_program.o
                0x00000ce0                GloveForDeaf_executeControl
 .text.GloveForDeaf_deleteProfile
                0x00000d20       0xae GloveForDeaf_program.o
                0x00000d20                GloveForDeaf_deleteProfile
 .text.GloveForDeaf_loadPassword
                0x00000dce       0x26 GloveForDeaf_program.o
                0x00000dce                GloveForDeaf_loadPassword
 .text.GloveForDeaf_saveCurrentPassword
                0x00000df4       0x28 GloveForDeaf_program.o
                0x00000df4                GloveForDeaf_saveCurrentPassword
 .text.GloveForDeaf_newPassword
                0x00000e1c       0x7e GloveForDeaf_program.o
                0x00000e1c                GloveForDeaf_newPassword
 .text.Glove_init
                0x00000e9a       0x3a Glove_program.o
                0x00000e9a                Glove_init
 .text.Glove_getFingerValue
                0x00000ed4       0x22 Glove_program.o
                0x00000ed4                Glove_getFingerValue
 .text.Kit_pushButton_isPressed
                0x00000ef6       0x2e Kit_program.o
                0x00000ef6                Kit_pushButton_isPressed
 .text.Kit_pushButton_init
                0x00000f24       0x30 Kit_program.o
                0x00000f24                Kit_pushButton_init
 .text.Kit_BUZ_init
                0x00000f54        0xc Kit_program.o
                0x00000f54                Kit_BUZ_init
 .text.Kit_BUZ_on
                0x00000f60        0xc Kit_program.o
                0x00000f60                Kit_BUZ_on
 .text.Kit_BUZ_off
                0x00000f6c        0xc Kit_program.o
                0x00000f6c                Kit_BUZ_off
 .text.Kit_LED_init
                0x00000f78       0x30 Kit_program.o
                0x00000f78                Kit_LED_init
 .text.Kit_LED_on
                0x00000fa8       0x30 Kit_program.o
                0x00000fa8                Kit_LED_on
 .text.Kit_LED_off
                0x00000fd8       0x30 Kit_program.o
                0x00000fd8                Kit_LED_off
 .text.LCD_sendCmnd
                0x00001008       0xcc LCD_program.o
                0x00001008                LCD_sendCmnd
 .text.LCD_init
                0x000010d4       0xe6 LCD_program.o
                0x000010d4                LCD_init
 .text.LCD_sendChar
                0x000011ba       0xcc LCD_program.o
                0x000011ba                LCD_sendChar
 .text.LCD_clear
                0x00001286       0x14 LCD_program.o
                0x00001286                LCD_clear
 .text.LCD_shift
                0x0000129a       0x24 LCD_program.o
                0x0000129a                LCD_shift
 .text.LCD_writeString
                0x000012be       0x70 LCD_program.o
                0x000012be                LCD_writeString
 .text.LCD_goToSpecificPosition
                0x0000132e       0x2a LCD_program.o
                0x0000132e                LCD_goToSpecificPosition
 .text.LCD_writeNumber
                0x00001358       0xb8 LCD_program.o
                0x00001358                LCD_writeNumber
 .text.LEDS_ON  0x00001410       0x14 main.o
                0x00001410                LEDS_ON
 .text.LEDS_OFF
                0x00001424       0x14 main.o
                0x00001424                LEDS_OFF
 .text.BUZZ     0x00001438       0x1c main.o
                0x00001438                BUZZ
 .text.initialize
                0x00001454       0x50 main.o
                0x00001454                initialize
 .text.changePassword
                0x000014a4       0x5a main.o
                0x000014a4                changePassword
 .text.settings
                0x000014fe       0x9e main.o
                0x000014fe                settings
 .text.backMenu
                0x0000159c       0x9e main.o
                0x0000159c                backMenu
 .text.mainMenu
                0x0000163a       0x9e main.o
                0x0000163a                mainMenu
 .text.start_1  0x000016d8        0xe main.o
                0x000016d8                start_1
 .text.main     0x000016e6        0xa main.o
                0x000016e6                main
 .text.chooseMode
                0x000016f0       0x9e main.o
                0x000016f0                chooseMode
 .text.speechMode
                0x0000178e       0x44 main.o
                0x0000178e                speechMode
 .text.controlMode
                0x000017d2       0x44 main.o
                0x000017d2                controlMode
 .text.chooseProfile
                0x00001816       0x74 main.o
                0x00001816                chooseProfile
 .text.overrideProfile
                0x0000188a       0x74 main.o
                0x0000188a                overrideProfile
 .text.goBack   0x000018fe        0x6 main.o
                0x000018fe                goBack
 .text.clearData
                0x00001904       0x74 main.o
                0x00001904                clearData
 .text.TWI_initMaster
                0x00001978       0x18 TWI_program.o
                0x00001978                TWI_initMaster
 .text.TWI_sendStartCondition
                0x00001990       0x1c TWI_program.o
                0x00001990                TWI_sendStartCondition
 .text.TWI_sendRepStartCondition
                0x000019ac       0x1c TWI_program.o
                0x000019ac                TWI_sendRepStartCondition
 .text.TWI_sendStopCondition
                0x000019c8        0xe TWI_program.o
                0x000019c8                TWI_sendStopCondition
 .text.TWI_sendSlaveAddWithWrite
                0x000019d6       0x2a TWI_program.o
                0x000019d6                TWI_sendSlaveAddWithWrite
 .text.TWI_sendSlaveAddWithRead
                0x00001a00       0x2a TWI_program.o
                0x00001a00                TWI_sendSlaveAddWithRead
 .text.TWI_sendMasterDataByte
                0x00001a2a       0x18 TWI_program.o
                0x00001a2a                TWI_sendMasterDataByte
 .text.TWI_receiveMasterDataByteWithNack
                0x00001a42       0x20 TWI_program.o
                0x00001a42                TWI_receiveMasterDataByteWithNack
 .text.UART_init
                0x00001a62       0x22 UART_program.o
                0x00001a62                UART_init
 .text.UART_TxChar
                0x00001a84        0x8 UART_program.o
                0x00001a84                UART_TxChar
 .text.UART_sendString
                0x00001a8c       0x2c UART_program.o
                0x00001a8c                UART_sendString
 .text.UART_sendNumber
                0x00001ab8       0xb8 UART_program.o
                0x00001ab8                UART_sendNumber
 .text.avr-libc.fplib
                0x00001b70        0x8 c:/program files (x86)/atmel/studio/7.0/toolchain/avr8/avr8-gnu-toolchain/bin/../lib/gcc/avr/5.4.0/../../../../avr/lib/avr5\libm.a(divsf3.o)
                0x00001b70                __divsf3
 .text.avr-libc.fplib
                0x00001b78       0xdc c:/program files (x86)/atmel/studio/7.0/toolchain/avr8/avr8-gnu-toolchain/bin/../lib/gcc/avr/5.4.0/../../../../avr/lib/avr5\libm.a(divsf3x.o)
                0x00001b98                __divsf3x
                0x00001b9e                __divsf3_pse
 .text.avr-libc.fplib
                0x00001c54       0x5e c:/program files (x86)/atmel/studio/7.0/toolchain/avr8/avr8-gnu-toolchain/bin/../lib/gcc/avr/5.4.0/../../../../avr/lib/avr5\libm.a(fixunssfsi.o)
                0x00001c54                __fixunssfsi
 .text.avr-libc.fplib
                0x00001cb2       0x7a c:/program files (x86)/atmel/studio/7.0/toolchain/avr8/avr8-gnu-toolchain/bin/../lib/gcc/avr/5.4.0/../../../../avr/lib/avr5\libm.a(floatsisf.o)
                0x00001cb2                __floatunsisf
                0x00001cb6                __floatsisf
 .text.avr-libc.fplib
                0x00001d2c        0xc c:/program files (x86)/atmel/studio/7.0/toolchain/avr8/avr8-gnu-toolchain/bin/../lib/gcc/avr/5.4.0/../../../../avr/lib/avr5\libm.a(fp_inf.o)
                0x00001d2c                __fp_inf
 .text.avr-libc.fplib
                0x00001d38        0x6 c:/program files (x86)/atmel/studio/7.0/toolchain/avr8/avr8-gnu-toolchain/bin/../lib/gcc/avr/5.4.0/../../../../avr/lib/avr5\libm.a(fp_nan.o)
                0x00001d38                __fp_nan
 .text.avr-libc.fplib
                0x00001d3e        0xe c:/program files (x86)/atmel/studio/7.0/toolchain/avr8/avr8-gnu-toolchain/bin/../lib/gcc/avr/5.4.0/../../../../avr/lib/avr5\libm.a(fp_pscA.o)
                0x00001d3e                __fp_pscA
 .text.avr-libc.fplib
                0x00001d4c        0xe c:/program files (x86)/atmel/studio/7.0/toolchain/avr8/avr8-gnu-toolchain/bin/../lib/gcc/avr/5.4.0/../../../../avr/lib/avr5\libm.a(fp_pscB.o)
                0x00001d4c                __fp_pscB
 .text.avr-libc.fplib
                0x00001d5a       0x22 c:/program files (x86)/atmel/studio/7.0/toolchain/avr8/avr8-gnu-toolchain/bin/../lib/gcc/avr/5.4.0/../../../../avr/lib/avr5\libm.a(fp_round.o)
                0x00001d5a                __fp_round
 .text.avr-libc.fplib
                0x00001d7c       0x44 c:/program files (x86)/atmel/studio/7.0/toolchain/avr8/avr8-gnu-toolchain/bin/../lib/gcc/avr/5.4.0/../../../../avr/lib/avr5\libm.a(fp_split3.o)
                0x00001d7c                __fp_split3
                0x00001d8c                __fp_splitA
 .text.avr-libc.fplib
                0x00001dc0        0xe c:/program files (x86)/atmel/studio/7.0/toolchain/avr8/avr8-gnu-toolchain/bin/../lib/gcc/avr/5.4.0/../../../../avr/lib/avr5\libm.a(fp_zero.o)
                0x00001dc0                __fp_zero
                0x00001dc2                __fp_szero
 .text.avr-libc.fplib
                0x00001dce        0x8 c:/program files (x86)/atmel/studio/7.0/toolchain/avr8/avr8-gnu-toolchain/bin/../lib/gcc/avr/5.4.0/../../../../avr/lib/avr5\libm.a(mulsf3.o)
                0x00001dce                __mulsf3
 .text.avr-libc.fplib
                0x00001dd6       0xd2 c:/program files (x86)/atmel/studio/7.0/toolchain/avr8/avr8-gnu-toolchain/bin/../lib/gcc/avr/5.4.0/../../../../avr/lib/avr5\libm.a(mulsf3x.o)
                0x00001df4                __mulsf3x
                0x00001dfa                __mulsf3_pse
 .text.libgcc.div
                0x00001ea8       0x44 c:/program files (x86)/atmel/studio/7.0/toolchain/avr8/avr8-gnu-toolchain/bin/../lib/gcc/avr/5.4.0/avr5\libgcc.a(_udivmodsi4.o)
                0x00001ea8                __udivmodsi4
                0x00001eec                . = ALIGN (0x2)
 *(.fini9)
 .fini9         0x00001eec        0x0 c:/program files (x86)/atmel/studio/7.0/toolchain/avr8/avr8-gnu-toolchain/bin/../lib/gcc/avr/5.4.0/avr5\libgcc.a(_exit.o)
                0x00001eec                _exit
                0x00001eec                exit
 *(.fini9)
 *(.fini8)
 *(.fini8)
 *(.fini7)
 *(.fini7)
 *(.fini6)
 *(.fini6)
 *(.fini5)
 *(.fini5)
 *(.fini4)
 *(.fini4)
 *(.fini3)
 *(.fini3)
 *(.fini2)
 *(.fini2)
 *(.fini1)
 *(.fini1)
 *(.fini0)
 .fini0         0x00001eec        0x4 c:/program files (x86)/atmel/studio/7.0/toolchain/avr8/avr8-gnu-toolchain/bin/../lib/gcc/avr/5.4.0/avr5\libgcc.a(_exit.o)
 *(.fini0)
                0x00001ef0                _etext = .

.data           0x00800060      0x280 load address 0x00001ef0
                0x00800060                PROVIDE (__data_start, .)
 *(.data)
 *(.data*)
 .data.speechSentences
                0x00800060       0xf0 GloveForDeaf_program.o
 *(.gnu.linkonce.d*)
 *(.rodata)
 *(.rodata*)
 .rodata.str1.1
                0x00800150       0xd7 GloveForDeaf_program.o
                                 0xd9 (size before relaxing)
 .rodata.fingers
                0x00800227        0x5 GloveForDeaf_program.o
 .rodata.str1.1
                0x0080022c       0xb4 main.o
 *(.gnu.linkonce.r*)
                0x008002e0                . = ALIGN (0x2)
                0x008002e0                _edata = .
                0x008002e0                PROVIDE (__data_end, .)

.bss            0x008002e0       0xc4
                0x008002e0                PROVIDE (__bss_start, .)
 *(.bss)
 *(.bss*)
 .bss.controlRange
                0x008002e0       0x1e GloveForDeaf_program.o
 .bss.speechRange
                0x008002fe       0x96 GloveForDeaf_program.o
 .bss.fingerValues
                0x00800394        0x5 GloveForDeaf_program.o
 .bss.PASSWORD  0x00800399        0x5 GloveForDeaf_program.o
 .bss.private_pCallBackC2
                0x0080039e        0x2 GloveForDeaf_program.o
 .bss.private_pCallBackC1
                0x008003a0        0x2 GloveForDeaf_program.o
 .bss.private_pCallBackC0
                0x008003a2        0x2 GloveForDeaf_program.o
 *(COMMON)
                0x008003a4                PROVIDE (__bss_end, .)
                0x00001ef0                __data_load_start = LOADADDR (.data)
                0x00002170                __data_load_end = (__data_load_start + SIZEOF (.data))

.noinit         0x008003a4        0x0
                [!provide]                PROVIDE (__noinit_start, .)
 *(.noinit*)
                [!provide]                PROVIDE (__noinit_end, .)
                0x008003a4                _end = .
                [!provide]                PROVIDE (__heap_start, .)

.eeprom         0x00810000        0x0
 *(.eeprom*)
                0x00810000                __eeprom_end = .

.fuse
 *(.fuse)
 *(.lfuse)
 *(.hfuse)
 *(.efuse)

.lock
 *(.lock*)

.signature
 *(.signature*)

.user_signatures
 *(.user_signatures*)

.stab
 *(.stab)

.stabstr
 *(.stabstr)

.stab.excl
 *(.stab.excl)

.stab.exclstr
 *(.stab.exclstr)

.stab.index
 *(.stab.index)

.stab.indexstr
 *(.stab.indexstr)

.comment        0x00000000       0x30
 *(.comment)
 .comment       0x00000000       0x30 ADC_program.o
                                 0x31 (size before relaxing)
 .comment       0x00000030       0x31 DIO_program.o
 .comment       0x00000030       0x31 EEPROM_program.o
 .comment       0x00000030       0x31 GloveForDeaf_program.o
 .comment       0x00000030       0x31 Glove_program.o
 .comment       0x00000030       0x31 Kit_program.o
 .comment       0x00000030       0x31 LCD_program.o
 .comment       0x00000030       0x31 main.o
 .comment       0x00000030       0x31 TWI_program.o
 .comment       0x00000030       0x31 UART_program.o

.note.gnu.avr.deviceinfo
                0x00000000       0x3c
 .note.gnu.avr.deviceinfo
                0x00000000       0x3c C:/Program Files (x86)/Atmel/Studio/7.0/Packs/atmel/ATmega_DFP/1.7.374/gcc/dev/atmega32/avr5/crtatmega32.o

.note.gnu.build-id
 *(.note.gnu.build-id)

.debug
 *(.debug)

.line
 *(.line)

.debug_srcinfo
 *(.debug_srcinfo)

.debug_sfnames
 *(.debug_sfnames)

.debug_aranges  0x00000000      0x3e0
 *(.debug_aranges)
 .debug_aranges
                0x00000000       0x28 ADC_program.o
 .debug_aranges
                0x00000028       0x40 DIO_program.o
 .debug_aranges
                0x00000068       0x60 EEPROM_program.o
 .debug_aranges
                0x000000c8       0xd8 GloveForDeaf_program.o
 .debug_aranges
                0x000001a0       0x28 Glove_program.o
 .debug_aranges
                0x000001c8       0x68 Kit_program.o
 .debug_aranges
                0x00000230       0x60 LCD_program.o
 .debug_aranges
                0x00000290       0xb0 main.o
 .debug_aranges
                0x00000340       0x60 TWI_program.o
 .debug_aranges
                0x000003a0       0x40 UART_program.o

.debug_pubnames
 *(.debug_pubnames)

.debug_info     0x00000000     0x54de
 *(.debug_info .gnu.linkonce.wi.*)
 .debug_info    0x00000000      0x4e6 C:/Program Files (x86)/Atmel/Studio/7.0/Packs/atmel/ATmega_DFP/1.7.374/gcc/dev/atmega32/avr5/crtatmega32.o
 .debug_info    0x000004e6       0xcb ADC_program.o
 .debug_info    0x000005b1      0x199 DIO_program.o
 .debug_info    0x0000074a      0x7e7 EEPROM_program.o
 .debug_info    0x00000f31     0x1c73 GloveForDeaf_program.o
 .debug_info    0x00002ba4      0x1a7 Glove_program.o
 .debug_info    0x00002d4b      0x44a Kit_program.o
 .debug_info    0x00003195      0xca1 LCD_program.o
 .debug_info    0x00003e36     0x138e main.o
 .debug_info    0x000051c4      0x198 TWI_program.o
 .debug_info    0x0000535c      0x182 UART_program.o

.debug_abbrev   0x00000000     0x10d6
 *(.debug_abbrev)
 .debug_abbrev  0x00000000      0x4a3 C:/Program Files (x86)/Atmel/Studio/7.0/Packs/atmel/ATmega_DFP/1.7.374/gcc/dev/atmega32/avr5/crtatmega32.o
 .debug_abbrev  0x000004a3       0x71 ADC_program.o
 .debug_abbrev  0x00000514       0x9a DIO_program.o
 .debug_abbrev  0x000005ae      0x180 EEPROM_program.o
 .debug_abbrev  0x0000072e      0x2f5 GloveForDeaf_program.o
 .debug_abbrev  0x00000a23       0xb8 Glove_program.o
 .debug_abbrev  0x00000adb       0xdf Kit_program.o
 .debug_abbrev  0x00000bba      0x1ad LCD_program.o
 .debug_abbrev  0x00000d67      0x1ec main.o
 .debug_abbrev  0x00000f53       0x90 TWI_program.o
 .debug_abbrev  0x00000fe3       0xf3 UART_program.o

.debug_line     0x00000000     0x27a2
 *(.debug_line .debug_line.* .debug_line_end)
 .debug_line    0x00000000      0x116 C:/Program Files (x86)/Atmel/Studio/7.0/Packs/atmel/ATmega_DFP/1.7.374/gcc/dev/atmega32/avr5/crtatmega32.o
 .debug_line    0x00000116       0xf9 ADC_program.o
 .debug_line    0x0000020f      0x227 DIO_program.o
 .debug_line    0x00000436      0x3e1 EEPROM_program.o
 .debug_line    0x00000817      0xe19 GloveForDeaf_program.o
 .debug_line    0x00001630       0xbd Glove_program.o
 .debug_line    0x000016ed      0x1f7 Kit_program.o
 .debug_line    0x000018e4      0x475 LCD_program.o
 .debug_line    0x00001d59      0x6ea main.o
 .debug_line    0x00002443      0x225 TWI_program.o
 .debug_line    0x00002668      0x13a UART_program.o

.debug_frame    0x00000000      0x974
 *(.debug_frame)
 .debug_frame   0x00000000       0x34 ADC_program.o
 .debug_frame   0x00000034       0x64 DIO_program.o
 .debug_frame   0x00000098      0x148 EEPROM_program.o
 .debug_frame   0x000001e0      0x318 GloveForDeaf_program.o
 .debug_frame   0x000004f8       0x34 Glove_program.o
 .debug_frame   0x0000052c       0xb4 Kit_program.o
 .debug_frame   0x000005e0       0xf4 LCD_program.o
 .debug_frame   0x000006d4      0x168 main.o
 .debug_frame   0x0000083c       0xa4 TWI_program.o
 .debug_frame   0x000008e0       0x94 UART_program.o

.debug_str      0x00000000      0xd11
 *(.debug_str)
 .debug_str     0x00000000      0x196 C:/Program Files (x86)/Atmel/Studio/7.0/Packs/atmel/ATmega_DFP/1.7.374/gcc/dev/atmega32/avr5/crtatmega32.o
 .debug_str     0x00000196      0x176 ADC_program.o
                                0x19d (size before relaxing)
 .debug_str     0x0000030c       0x87 DIO_program.o
                                0x1ee (size before relaxing)
 .debug_str     0x00000393      0x233 EEPROM_program.o
                                0x396 (size before relaxing)
 .debug_str     0x000005c6      0x4cd GloveForDeaf_program.o
                                0x6c1 (size before relaxing)
 .debug_str     0x00000a93       0x22 Glove_program.o
                                0x1cb (size before relaxing)
 .debug_str     0x00000ab5       0x94 Kit_program.o
                                0x24f (size before relaxing)
 .debug_str     0x00000b49       0x9d LCD_program.o
                                0x2fb (size before relaxing)
 .debug_str     0x00000be6       0xcf main.o
                                0x518 (size before relaxing)
 .debug_str     0x00000cb5       0x2a TWI_program.o
                                0x25e (size before relaxing)
 .debug_str     0x00000cdf       0x32 UART_program.o
                                0x1db (size before relaxing)

.debug_loc      0x00000000     0x377a
 *(.debug_loc)
 .debug_loc     0x00000000       0x8d ADC_program.o
 .debug_loc     0x0000008d      0x32f DIO_program.o
 .debug_loc     0x000003bc      0x919 EEPROM_program.o
 .debug_loc     0x00000cd5     0x15cd GloveForDeaf_program.o
 .debug_loc     0x000022a2       0x49 Glove_program.o
 .debug_loc     0x000022eb      0x26f Kit_program.o
 .debug_loc     0x0000255a      0x826 LCD_program.o
 .debug_loc     0x00002d80      0x750 main.o
 .debug_loc     0x000034d0       0xbf TWI_program.o
 .debug_loc     0x0000358f      0x1eb UART_program.o

.debug_macinfo
 *(.debug_macinfo)

.debug_weaknames
 *(.debug_weaknames)

.debug_funcnames
 *(.debug_funcnames)

.debug_typenames
 *(.debug_typenames)

.debug_varnames
 *(.debug_varnames)

.debug_pubtypes
 *(.debug_pubtypes)

.debug_ranges   0x00000000      0x418
 *(.debug_ranges)
 .debug_ranges  0x00000000       0x18 ADC_program.o
 .debug_ranges  0x00000018       0x30 DIO_program.o
 .debug_ranges  0x00000048       0x50 EEPROM_program.o
 .debug_ranges  0x00000098      0x158 GloveForDeaf_program.o
 .debug_ranges  0x000001f0       0x18 Glove_program.o
 .debug_ranges  0x00000208       0x58 Kit_program.o
 .debug_ranges  0x00000260       0x80 LCD_program.o
 .debug_ranges  0x000002e0       0xa0 main.o
 .debug_ranges  0x00000380       0x50 TWI_program.o
 .debug_ranges  0x000003d0       0x48 UART_program.o

.debug_macro
 *(.debug_macro)
OUTPUT(GloveForDeaf.elf elf32-avr)
LOAD linker stubs
